
Memory Configuration

Name             Origin             Length             Attributes
ram              0x80000000         0x00500000         xrw
*default*        0x00000000         0xffffffff

Linker script and memory map

                0x00000000                __DYNAMIC=0x0
                0x00400000                PROVIDE (__stack, 0x400000)
                0x00000000                PROVIDE (hardware_init_hook, 0x0)
                0x00000000                PROVIDE (_hardware_init_hook, 0x0)
                0x00000000                PROVIDE (software_init_hook, 0x0)
                0x00000000                PROVIDE (_software_init_hook, 0x0)

.text           0x80000000     0xbd30
 *(.text)
 .text          0x80000000      0x486 S2_Boot_v1_00.o
                0x80000000                S2_Boot_v1_00EventHandler00000
                0x80000156                S2_Boot_v1_00_EventHandler
                0x800001fc                S2_Boot_v1_00_main
 *fill*         0x80000486        0x2
 .text          0x80000488      0x33c S2_Managed_Power___Input_f_x__v1_02.o
                0x80000488                S2_Managed_Power___Input_f_x__v1_02EventHandler00000
                0x8000061a                S2_Managed_Power___Input_f_x__v1_02_EventHandler
                0x800006e4                S2_Managed_Power___Input_f_x__v1_02_main
 .text          0x800007c4      0xe1c S2_Managed_Power___Input_v1_00.o
                0x80001474                S2_Managed_Power___Input_v1_00EventHandler00003
                0x800012e4                S2_Managed_Power___Input_v1_00_EventHandler
                0x80000da8                S2_Managed_Power___Input_v1_00EventHandler00002
                0x80000ad2                S2_Managed_Power___Input_v1_00EventHandler00000
                0x80001392                S2_Managed_Power___Input_v1_00_main
                0x80000c22                S2_Managed_Power___Input_v1_00EventHandler00001
                0x80001530                S2_Managed_Power___Input_v1_00EventHandler00005
                0x80001062                S2_Managed_Power___Input_v1_00EventHandler00004
 .text          0x800015e0      0x84e S2_Atlona_Response_Sorter_r0_0.o
                0x80001d3c                S2_Atlona_Response_Sorter_r0_0_main
                0x800015e0                S2_Atlona_Response_Sorter_r0_0EventHandler00000
                0x80001c7e                S2_Atlona_Response_Sorter_r0_0_EventHandler
 *fill*         0x80001e2e        0x2
 .text          0x80001e30      0x8e4 S2_Atlona_Universal_2_Way_ComPort_Gen_3_r0_0.o
                0x800021ae                S2_Atlona_Universal_2_Way_ComPort_Gen_3_r0_0EventHandler00002
                0x8000261a                S2_Atlona_Universal_2_Way_ComPort_Gen_3_r0_0EventHandler00000
                0x800022cc                S2_Atlona_Universal_2_Way_ComPort_Gen_3_r0_0_EventHandler
                0x80001e30                S2_Atlona_Universal_2_Way_ComPort_Gen_3_r0_0EventHandler00001
                0x800023c8                S2_Atlona_Universal_2_Way_ComPort_Gen_3_r0_0_main
 .text          0x80002714      0x3ec S2_Managed_Power_v1_01.o
                0x80002920                S2_Managed_Power_v1_01_EventHandler
                0x800029ea                S2_Managed_Power_v1_01EventHandler00001
                0x800028da                S2_Managed_Power_v1_01_main
                0x800029aa                S2_Managed_Power_v1_01EventHandler00000
                0x80002a94                S2_Managed_Power_v1_01EventHandler00003
                0x80002a54                S2_Managed_Power_v1_01EventHandler00002
 .text          0x80002b00     0x18dc S2_INTEGRA_DBS_301_PARSING.o
                0x80003770                S2_INTEGRA_DBS_301_PARSING_EventHandler
                0x8000382c                S2_INTEGRA_DBS_301_PARSING_main
                0x80003486                S2_INTEGRA_DBS_301_PARSINGEventHandler00000
 .text          0x800043dc     0x5836 library.o
                0x800085c8                RotateRightLong
                0x80008bd6                IsSystem
                0x8000852c                Seed
                0x80005e24                Remove
                0x800081a8                Ltoa
                0x80007ed4                Atoi
                0x8000723c                InitRampInfoArray
                0x80008982                Right
                0x800099b2                LockInputSema
                0x80008456                Mod
                0x8000863e                Getc
                0x8000838a                SMuldiv
                0x80008bb8                IsHidden
                0x8000826e                Min
                0x800097c6                hextosi
                0x80008d5c                WriteIntegerArray
                0x800092d2                GetSignedIntArrayElementPtr
                0x80007bf6                CheckStructArray
                0x800097da                hextosl
                0x80008ee2                WriteSignedIntegerArray
                0x800078be                InitStringParamArray
                0x80006b90                ReadSignedLongIntegerArray
                0x80005ab2                GatherToDelimiter
                0x800076e2                InitStringArray
                0x80008248                Max
                0x80008c12                IsReadOnly
                0x80008352                SMax
                0x80005c56                GatherByLength
                0x800080e2                Chr
                0x80008d34                ReadSignedLongInteger
                0x80008160                Itohex
                0x80007b68                GetStructArrayElement
                0x80007e5c                UNS_SetByte
                0x80008956                ReverseFindi
                0x80007038                ReadStringArray
                0x800090e2                GetIntArrayElementPtr
                0x80008792                Lower
                0x80008548                RotateLeft
                0x800098fa                ResizeIfAutogrow
                0x80007368                CheckInputArray
                0x8000494a                ResizeStringArray
                0x80008074                Atosl
                0x80007e9c                High
                0x800084f8                Rnd
                0x8000841a                UMod
                0x8000859e                RotateLeftLong
                0x80009a26                FindNumericChar
                0x8000952a                CheckIOArrayBounds2
                0x80008b70                MakeProgramFilename
                0x8000836e                SMin
                0x800086c6                Left
                0x80008608                CheckBufferThreshold
                0x80008cec                ReadSignedInteger
                0x80007ec6                LowWord
                0x800043dc                Bit
                0x80008c9c                ReadLongInteger
                0x80007cda                Byte
                0x800091da                GetLongArrayElementPtr
                0x80008928                ReverseFind
                0x80008b86                GetSeries
                0x80009af2                InitTcpServer
                0x8000877a                Len
                0x800095fa                InitializeRampInfoInternal
                0x80008294                Divide
                0x80007fe0                Atol
                0x80008b7c                GetModelNumber
                0x800094c2                CheckIOArrayBounds
                0x800073c2                CheckStringInputArray
                0x80008fa4                WriteSignedLongIntegerArray
                0x80007ab2                GetStringArrayElement
                0x800081ec                Ltohex
                0x80008118                Itoa
                0x80008572                RotateRight
                0x80006112                InternalReverseFind
                0x80008c7c                WriteLongInteger
                0x800075e6                InitDynamicStringStruct
                0x800074d8                SetStringArray
                0x8000696e                ReadSignedIntegerArray
                0x8000741c                SetOutputArray
                0x80008c2c                WriteInteger
                0x80007a46                InitStructDynamicArray
                0x8000639c                SetString
                0x80008492                Random
                0x80008cc4                WriteSignedInteger
                0x80004640                Find
                0x80008b90                GetProgramNumber
                0x80008866                Mid
                0x80009a64                InitTcpClient
                0x8000552e                ResizeStructArray
                0x800093ca                GetSignedLongArrayElementPtr
                0x800097ec                hextol
                0x80006db2                ReadString
                0x80007778                InitDynamicStringArray
                0x800098d2                UpperChar
                0x80007f70                Atosi
                0x80008c54                ReadInteger
                0x80008306                Muldiv
                0x8000748a                SetStringOutputArray
                0x80009068                WriteString
                0x80004fa2                ResizeIntegerArray
                0x80007330                InitInOutArray
                0x80007986                InitNvramStringArray
                0x80008230                Abs
                0x800083d6                SDivide
                0x8000652c                ReadIntegerArray
                0x800044ec                CompareStrings
                0x800098aa                LowerChar
                0x80009b82                InitUdpSocket
                0x800085f0                ClearBuffer
                0x80008a3e                Upper
                0x80007a22                InitStructArray
                0x80008b14                MakeLower
                0x80008bf4                IsVolume
                0x80005f7e                RemoveByLength
                0x80007c72                CheckStringOutputArrayIndex
                0x80008e1e                WriteLongIntegerArray
                0x800096a6                InitRampInfoStructArray
                0x80007eb8                HighWord
                0x800047b4                ResizeString
                0x80008b9a                IsDirectory
                0x8000674c                ReadLongIntegerArray
                0x80007eaa                Low
                0x80005958                Gather
                0x80008b42                MakeUpper
                0x800075a8                InitStringStruct
                0x80009592                CheckStringArrayBounds
                0x800082d8                CheckDenominator
                0x800097ae                hextoi
                0x80006ed0                WriteStringArray
                0x80007d9a                SetByte
                0x80009650                InitializeRampInfo
                0x800099ec                UnLockInputSema
                0x80008d14                WriteSignedLongInteger
                0x8000769a                InitNvramStringStruct
 *fill*         0x80009c12        0xe
                0x80009c20                .=ALIGN(0x10)
 *(.eh_frame)
                0x80009c20                .=ALIGN(0x10)
 *(.gnu.linkonce.t.*)
                0x80009c20                .=ALIGN(0x4)
                0x80009c20                __CTOR_LIST__=.
                0x80009c20                ___CTOR_LIST__=.
                0x80009c20        0x4 LONG 0x0 (((__CTOR_END__-__CTOR_LIST__)/0x4)-0x2)
 *(.ctors)
                0x80009c24        0x4 LONG 0x0
                0x80009c28                __CTOR_END__=.
                0x80009c28                __DTOR_LIST__=.
                0x80009c28                ___DTOR_LIST__=.
                0x80009c28        0x4 LONG 0x0 (((__DTOR_END__-__DTOR_LIST__)/0x4)-0x2)
 *(.dtors)
                0x80009c2c        0x4 LONG 0x0
                0x80009c30                __DTOR_END__=.
 *(.rodata)
 .rodata        0x80009c30      0x2d6 S2_Boot_v1_00.o
 .rodata        0x80009f06      0x240 S2_Managed_Power___Input_f_x__v1_02.o
 .rodata        0x8000a146      0x24f S2_Managed_Power___Input_v1_00.o
 .rodata        0x8000a395      0x35a S2_Atlona_Response_Sorter_r0_0.o
 .rodata        0x8000a6ef      0x343 S2_Atlona_Universal_2_Way_ComPort_Gen_3_r0_0.o
 .rodata        0x8000aa32      0x22f S2_Managed_Power_v1_01.o
 .rodata        0x8000ac61      0x460 S2_INTEGRA_DBS_301_PARSING.o
 .rodata        0x8000b0c1      0xc54 library.o
 *(.gcc_except_table)
 *fill*         0x8000bd15        0x1
                0x8000bd16                .=ALIGN(0x2)
                0x8000bd16                __INIT_SECTION__=.
                0x8000bd16        0x4 LONG 0x4e560000
 *(.init)
                0x8000bd1a        0x2 SHORT 0x4e5e
                0x8000bd1c        0x2 SHORT 0x4e75
                0x8000bd1e                __FINI_SECTION__=.
                0x8000bd1e        0x4 LONG 0x4e560000
 *(.fini)
                0x8000bd22        0x2 SHORT 0x4e5e
                0x8000bd24        0x2 SHORT 0x4e75
 *(.lit)
 *fill*         0x8000bd26        0xa
                0x8000bd30                .=ALIGN(0x10)
                0x8000bd30                _etext=.
                0x8000bd30                etext=.

.data           0x8000bd30        0x0
                0x8000bd30                copy_start=.
 *(.shdata)
 *(.data)
 *(.gnu.linkonce.d.*)
                0x8000bd30                .=ALIGN(0x10)
                0x8000bd30                _edata=.
                0x8000bd30                copy_end=.

.got
 *(.got.plt)
 *(.got)

EntryList       0x8000bd30      0x770
 *(EntryList)
 EntryList      0x8000bd30      0x110 S2_Boot_v1_00.o
                0x8000bd30                S2_Boot_v1_00_Entry
 EntryList      0x8000be40      0x110 S2_Managed_Power___Input_f_x__v1_02.o
                0x8000be40                S2_Managed_Power___Input_f_x__v1_02_Entry
 EntryList      0x8000bf50      0x110 S2_Managed_Power___Input_v1_00.o
                0x8000bf50                S2_Managed_Power___Input_v1_00_Entry
 EntryList      0x8000c060      0x110 S2_Atlona_Response_Sorter_r0_0.o
                0x8000c060                S2_Atlona_Response_Sorter_r0_0_Entry
 EntryList      0x8000c170      0x110 S2_Atlona_Universal_2_Way_ComPort_Gen_3_r0_0.o
                0x8000c170                S2_Atlona_Universal_2_Way_ComPort_Gen_3_r0_0_Entry
 EntryList      0x8000c280      0x110 S2_Managed_Power_v1_01.o
                0x8000c280                S2_Managed_Power_v1_01_Entry
 EntryList      0x8000c390      0x110 S2_INTEGRA_DBS_301_PARSING.o
                0x8000c390                S2_INTEGRA_DBS_301_PARSING_Entry
                0x8000c4a0                .=ALIGN(0x4)

FunctionList    0x8000c4a0        0x4
 *(FunctionList)
 FunctionList   0x8000c4a0        0x4 globals.o
                0x8000c4a0                g_pFunctions
                0x8000c4a4                .=ALIGN(0x4)

.bss            0x8000c4a4        0x0
                0x8000c4a4                .=ALIGN(0x4)
                0x8000c4a4                __bss_start=.
 *(.shbss)
 *(.bss)
 *(COMMON)
                0x8000c4a8                _end=ALIGN(0x8)
                0x8000c4a8                __end=_end

.stab
 *(.stab)

.stabstr
 *(.stabstr)

.debug
 *(.debug)

.line
 *(.line)

.debug_srcinfo
 *(.debug_srcinfo)

.debug_sfnames
 *(.debug_sfnames)

.debug_aranges
 *(.debug_aranges)

.debug_pubnames
 *(.debug_pubnames)

.debug_info
 *(.debug_info)

.debug_abbrev
 *(.debug_abbrev)

.debug_line
 *(.debug_line)

.debug_frame
 *(.debug_frame)

.debug_str
 *(.debug_str)

.debug_loc
 *(.debug_loc)

.debug_macinfo
 *(.debug_macinfo)

.debug_weaknames
 *(.debug_weaknames)

.debug_funcnames
 *(.debug_funcnames)

.debug_typenames
 *(.debug_typenames)

.debug_varnames
 *(.debug_varnames)
LOAD S2_Boot_v1_00.o
LOAD S2_Managed_Power___Input_f_x__v1_02.o
LOAD S2_Managed_Power___Input_v1_00.o
LOAD S2_Atlona_Response_Sorter_r0_0.o
LOAD S2_Atlona_Universal_2_Way_ComPort_Gen_3_r0_0.o
LOAD S2_Managed_Power_v1_01.o
LOAD S2_INTEGRA_DBS_301_PARSING.o
LOAD globals.o
LOAD library.o
OUTPUT(_S2_SILVERTON_EXEC_CONF_1_0.spl elf32-m68k)

.comment        0x8000c4a4      0x156
 .comment       0x8000c4a4       0x26 S2_Boot_v1_00.o
 .comment       0x8000c4ca       0x26 S2_Managed_Power___Input_f_x__v1_02.o
 .comment       0x8000c4f0       0x26 S2_Managed_Power___Input_v1_00.o
 .comment       0x8000c516       0x26 S2_Atlona_Response_Sorter_r0_0.o
 .comment       0x8000c53c       0x26 S2_Atlona_Universal_2_Way_ComPort_Gen_3_r0_0.o
 .comment       0x8000c562       0x26 S2_Managed_Power_v1_01.o
 .comment       0x8000c588       0x26 S2_INTEGRA_DBS_301_PARSING.o
 .comment       0x8000c5ae       0x26 globals.o
 .comment       0x8000c5d4       0x26 library.o
